Archive member included to satisfy reference by file (symbol)

c:/program files (x86)/atmel/studio/7.0/toolchain/avr8/avr8-gnu-toolchain/bin/../lib/gcc/avr/5.4.0/avr5\libgcc.a(_exit.o)
                              C:/Program Files (x86)/Atmel/Studio/7.0/Packs/atmel/ATmega_DFP/1.7.374/gcc/dev/atmega328p/avr5/crtatmega328p.o (exit)
c:/program files (x86)/atmel/studio/7.0/toolchain/avr8/avr8-gnu-toolchain/bin/../lib/gcc/avr/5.4.0/avr5\libgcc.a(_copy_data.o)
                              Libreria_HBridge/Libreria_HBridge.o (__do_copy_data)
c:/program files (x86)/atmel/studio/7.0/toolchain/avr8/avr8-gnu-toolchain/bin/../lib/gcc/avr/5.4.0/avr5\libgcc.a(_clear_bss.o)
                              main.o (__do_clear_bss)
c:/program files (x86)/atmel/studio/7.0/toolchain/avr8/avr8-gnu-toolchain/bin/../lib/gcc/avr/5.4.0/avr5\libgcc.a(_umulhisi3.o)
                              Libreria_Timer1PWM/LibreriaTimer1PWM.o (__umulhisi3)

Allocating common symbols
Common symbol       size              file

received_data       0x3               main.o

Discarded input sections

 .data          0x00000000        0x0 C:/Program Files (x86)/Atmel/Studio/7.0/Packs/atmel/ATmega_DFP/1.7.374/gcc/dev/atmega328p/avr5/crtatmega328p.o
 .bss           0x00000000        0x0 C:/Program Files (x86)/Atmel/Studio/7.0/Packs/atmel/ATmega_DFP/1.7.374/gcc/dev/atmega328p/avr5/crtatmega328p.o
 .text          0x00000000        0x0 Libreria_EEPROM/Libreria_EEPROM.o
 .data          0x00000000        0x0 Libreria_EEPROM/Libreria_EEPROM.o
 .bss           0x00000000        0x0 Libreria_EEPROM/Libreria_EEPROM.o
 .text          0x00000000        0x0 Libreria_ADC/LibreriaADC.o
 .data          0x00000000        0x0 Libreria_ADC/LibreriaADC.o
 .bss           0x00000000        0x0 Libreria_ADC/LibreriaADC.o
 .text          0x00000000        0x0 Libreria_HBridge/Libreria_HBridge.o
 .data          0x00000000        0x0 Libreria_HBridge/Libreria_HBridge.o
 .bss           0x00000000        0x0 Libreria_HBridge/Libreria_HBridge.o
 .text.motorA_stop
                0x00000000        0x8 Libreria_HBridge/Libreria_HBridge.o
 .text.motorB_stop
                0x00000000        0x8 Libreria_HBridge/Libreria_HBridge.o
 .rodata.midpoint
                0x00000000        0x1 Libreria_HBridge/Libreria_HBridge.o
 .text          0x00000000        0x0 Libreria_Timer0PWM/Libreria_Timer0PWM.o
 .data          0x00000000        0x0 Libreria_Timer0PWM/Libreria_Timer0PWM.o
 .bss           0x00000000        0x0 Libreria_Timer0PWM/Libreria_Timer0PWM.o
 .text          0x00000000        0x0 Libreria_Timer1PWM/LibreriaTimer1PWM.o
 .data          0x00000000        0x0 Libreria_Timer1PWM/LibreriaTimer1PWM.o
 .bss           0x00000000        0x0 Libreria_Timer1PWM/LibreriaTimer1PWM.o
 .text          0x00000000        0x0 Libreria_UART/Libreria_UART.o
 .data          0x00000000        0x0 Libreria_UART/Libreria_UART.o
 .bss           0x00000000        0x0 Libreria_UART/Libreria_UART.o
 .text          0x00000000        0x0 main.o
 .data          0x00000000        0x0 main.o
 .bss           0x00000000        0x0 main.o
 .rodata.num_instrucciones
                0x00000000        0x2 main.o
 .text          0x00000000        0x0 c:/program files (x86)/atmel/studio/7.0/toolchain/avr8/avr8-gnu-toolchain/bin/../lib/gcc/avr/5.4.0/avr5\libgcc.a(_exit.o)
 .data          0x00000000        0x0 c:/program files (x86)/atmel/studio/7.0/toolchain/avr8/avr8-gnu-toolchain/bin/../lib/gcc/avr/5.4.0/avr5\libgcc.a(_exit.o)
 .bss           0x00000000        0x0 c:/program files (x86)/atmel/studio/7.0/toolchain/avr8/avr8-gnu-toolchain/bin/../lib/gcc/avr/5.4.0/avr5\libgcc.a(_exit.o)
 .text.libgcc.mul
                0x00000000        0x0 c:/program files (x86)/atmel/studio/7.0/toolchain/avr8/avr8-gnu-toolchain/bin/../lib/gcc/avr/5.4.0/avr5\libgcc.a(_exit.o)
 .text.libgcc.div
                0x00000000        0x0 c:/program files (x86)/atmel/studio/7.0/toolchain/avr8/avr8-gnu-toolchain/bin/../lib/gcc/avr/5.4.0/avr5\libgcc.a(_exit.o)
 .text.libgcc   0x00000000        0x0 c:/program files (x86)/atmel/studio/7.0/toolchain/avr8/avr8-gnu-toolchain/bin/../lib/gcc/avr/5.4.0/avr5\libgcc.a(_exit.o)
 .text.libgcc.prologue
                0x00000000        0x0 c:/program files (x86)/atmel/studio/7.0/toolchain/avr8/avr8-gnu-toolchain/bin/../lib/gcc/avr/5.4.0/avr5\libgcc.a(_exit.o)
 .text.libgcc.builtins
                0x00000000        0x0 c:/program files (x86)/atmel/studio/7.0/toolchain/avr8/avr8-gnu-toolchain/bin/../lib/gcc/avr/5.4.0/avr5\libgcc.a(_exit.o)
 .text.libgcc.fmul
                0x00000000        0x0 c:/program files (x86)/atmel/studio/7.0/toolchain/avr8/avr8-gnu-toolchain/bin/../lib/gcc/avr/5.4.0/avr5\libgcc.a(_exit.o)
 .text.libgcc.fixed
                0x00000000        0x0 c:/program files (x86)/atmel/studio/7.0/toolchain/avr8/avr8-gnu-toolchain/bin/../lib/gcc/avr/5.4.0/avr5\libgcc.a(_exit.o)
 .text          0x00000000        0x0 c:/program files (x86)/atmel/studio/7.0/toolchain/avr8/avr8-gnu-toolchain/bin/../lib/gcc/avr/5.4.0/avr5\libgcc.a(_copy_data.o)
 .data          0x00000000        0x0 c:/program files (x86)/atmel/studio/7.0/toolchain/avr8/avr8-gnu-toolchain/bin/../lib/gcc/avr/5.4.0/avr5\libgcc.a(_copy_data.o)
 .bss           0x00000000        0x0 c:/program files (x86)/atmel/studio/7.0/toolchain/avr8/avr8-gnu-toolchain/bin/../lib/gcc/avr/5.4.0/avr5\libgcc.a(_copy_data.o)
 .text.libgcc.mul
                0x00000000        0x0 c:/program files (x86)/atmel/studio/7.0/toolchain/avr8/avr8-gnu-toolchain/bin/../lib/gcc/avr/5.4.0/avr5\libgcc.a(_copy_data.o)
 .text.libgcc.div
                0x00000000        0x0 c:/program files (x86)/atmel/studio/7.0/toolchain/avr8/avr8-gnu-toolchain/bin/../lib/gcc/avr/5.4.0/avr5\libgcc.a(_copy_data.o)
 .text.libgcc   0x00000000        0x0 c:/program files (x86)/atmel/studio/7.0/toolchain/avr8/avr8-gnu-toolchain/bin/../lib/gcc/avr/5.4.0/avr5\libgcc.a(_copy_data.o)
 .text.libgcc.prologue
                0x00000000        0x0 c:/program files (x86)/atmel/studio/7.0/toolchain/avr8/avr8-gnu-toolchain/bin/../lib/gcc/avr/5.4.0/avr5\libgcc.a(_copy_data.o)
 .text.libgcc.builtins
                0x00000000        0x0 c:/program files (x86)/atmel/studio/7.0/toolchain/avr8/avr8-gnu-toolchain/bin/../lib/gcc/avr/5.4.0/avr5\libgcc.a(_copy_data.o)
 .text.libgcc.fmul
                0x00000000        0x0 c:/program files (x86)/atmel/studio/7.0/toolchain/avr8/avr8-gnu-toolchain/bin/../lib/gcc/avr/5.4.0/avr5\libgcc.a(_copy_data.o)
 .text.libgcc.fixed
                0x00000000        0x0 c:/program files (x86)/atmel/studio/7.0/toolchain/avr8/avr8-gnu-toolchain/bin/../lib/gcc/avr/5.4.0/avr5\libgcc.a(_copy_data.o)
 .text          0x00000000        0x0 c:/program files (x86)/atmel/studio/7.0/toolchain/avr8/avr8-gnu-toolchain/bin/../lib/gcc/avr/5.4.0/avr5\libgcc.a(_clear_bss.o)
 .data          0x00000000        0x0 c:/program files (x86)/atmel/studio/7.0/toolchain/avr8/avr8-gnu-toolchain/bin/../lib/gcc/avr/5.4.0/avr5\libgcc.a(_clear_bss.o)
 .bss           0x00000000        0x0 c:/program files (x86)/atmel/studio/7.0/toolchain/avr8/avr8-gnu-toolchain/bin/../lib/gcc/avr/5.4.0/avr5\libgcc.a(_clear_bss.o)
 .text.libgcc.mul
                0x00000000        0x0 c:/program files (x86)/atmel/studio/7.0/toolchain/avr8/avr8-gnu-toolchain/bin/../lib/gcc/avr/5.4.0/avr5\libgcc.a(_clear_bss.o)
 .text.libgcc.div
                0x00000000        0x0 c:/program files (x86)/atmel/studio/7.0/toolchain/avr8/avr8-gnu-toolchain/bin/../lib/gcc/avr/5.4.0/avr5\libgcc.a(_clear_bss.o)
 .text.libgcc   0x00000000        0x0 c:/program files (x86)/atmel/studio/7.0/toolchain/avr8/avr8-gnu-toolchain/bin/../lib/gcc/avr/5.4.0/avr5\libgcc.a(_clear_bss.o)
 .text.libgcc.prologue
                0x00000000        0x0 c:/program files (x86)/atmel/studio/7.0/toolchain/avr8/avr8-gnu-toolchain/bin/../lib/gcc/avr/5.4.0/avr5\libgcc.a(_clear_bss.o)
 .text.libgcc.builtins
                0x00000000        0x0 c:/program files (x86)/atmel/studio/7.0/toolchain/avr8/avr8-gnu-toolchain/bin/../lib/gcc/avr/5.4.0/avr5\libgcc.a(_clear_bss.o)
 .text.libgcc.fmul
                0x00000000        0x0 c:/program files (x86)/atmel/studio/7.0/toolchain/avr8/avr8-gnu-toolchain/bin/../lib/gcc/avr/5.4.0/avr5\libgcc.a(_clear_bss.o)
 .text.libgcc.fixed
                0x00000000        0x0 c:/program files (x86)/atmel/studio/7.0/toolchain/avr8/avr8-gnu-toolchain/bin/../lib/gcc/avr/5.4.0/avr5\libgcc.a(_clear_bss.o)
 .text          0x00000000        0x0 c:/program files (x86)/atmel/studio/7.0/toolchain/avr8/avr8-gnu-toolchain/bin/../lib/gcc/avr/5.4.0/avr5\libgcc.a(_umulhisi3.o)
 .data          0x00000000        0x0 c:/program files (x86)/atmel/studio/7.0/toolchain/avr8/avr8-gnu-toolchain/bin/../lib/gcc/avr/5.4.0/avr5\libgcc.a(_umulhisi3.o)
 .bss           0x00000000        0x0 c:/program files (x86)/atmel/studio/7.0/toolchain/avr8/avr8-gnu-toolchain/bin/../lib/gcc/avr/5.4.0/avr5\libgcc.a(_umulhisi3.o)
 .text.libgcc.div
                0x00000000        0x0 c:/program files (x86)/atmel/studio/7.0/toolchain/avr8/avr8-gnu-toolchain/bin/../lib/gcc/avr/5.4.0/avr5\libgcc.a(_umulhisi3.o)
 .text.libgcc   0x00000000        0x0 c:/program files (x86)/atmel/studio/7.0/toolchain/avr8/avr8-gnu-toolchain/bin/../lib/gcc/avr/5.4.0/avr5\libgcc.a(_umulhisi3.o)
 .text.libgcc.prologue
                0x00000000        0x0 c:/program files (x86)/atmel/studio/7.0/toolchain/avr8/avr8-gnu-toolchain/bin/../lib/gcc/avr/5.4.0/avr5\libgcc.a(_umulhisi3.o)
 .text.libgcc.builtins
                0x00000000        0x0 c:/program files (x86)/atmel/studio/7.0/toolchain/avr8/avr8-gnu-toolchain/bin/../lib/gcc/avr/5.4.0/avr5\libgcc.a(_umulhisi3.o)
 .text.libgcc.fmul
                0x00000000        0x0 c:/program files (x86)/atmel/studio/7.0/toolchain/avr8/avr8-gnu-toolchain/bin/../lib/gcc/avr/5.4.0/avr5\libgcc.a(_umulhisi3.o)
 .text.libgcc.fixed
                0x00000000        0x0 c:/program files (x86)/atmel/studio/7.0/toolchain/avr8/avr8-gnu-toolchain/bin/../lib/gcc/avr/5.4.0/avr5\libgcc.a(_umulhisi3.o)

Memory Configuration

Name             Origin             Length             Attributes
text             0x00000000         0x00008000         xr
data             0x00800100         0x00000800         rw !x
eeprom           0x00810000         0x00000400         rw !x
fuse             0x00820000         0x00000003         rw !x
lock             0x00830000         0x00000400         rw !x
signature        0x00840000         0x00000400         rw !x
user_signatures  0x00850000         0x00000400         rw !x
*default*        0x00000000         0xffffffff

Linker script and memory map

Address of section .data set to 0x800100
LOAD C:/Program Files (x86)/Atmel/Studio/7.0/Packs/atmel/ATmega_DFP/1.7.374/gcc/dev/atmega328p/avr5/crtatmega328p.o
LOAD Libreria_EEPROM/Libreria_EEPROM.o
LOAD Libreria_ADC/LibreriaADC.o
LOAD Libreria_HBridge/Libreria_HBridge.o
LOAD Libreria_Timer0PWM/Libreria_Timer0PWM.o
LOAD Libreria_Timer1PWM/LibreriaTimer1PWM.o
LOAD Libreria_UART/Libreria_UART.o
LOAD main.o
START GROUP
LOAD c:/program files (x86)/atmel/studio/7.0/toolchain/avr8/avr8-gnu-toolchain/bin/../lib/gcc/avr/5.4.0/../../../../avr/lib/avr5\libm.a
END GROUP
START GROUP
LOAD c:/program files (x86)/atmel/studio/7.0/toolchain/avr8/avr8-gnu-toolchain/bin/../lib/gcc/avr/5.4.0/avr5\libgcc.a
LOAD c:/program files (x86)/atmel/studio/7.0/toolchain/avr8/avr8-gnu-toolchain/bin/../lib/gcc/avr/5.4.0/../../../../avr/lib/avr5\libm.a
LOAD c:/program files (x86)/atmel/studio/7.0/toolchain/avr8/avr8-gnu-toolchain/bin/../lib/gcc/avr/5.4.0/../../../../avr/lib/avr5\libc.a
LOAD C:/Program Files (x86)/Atmel/Studio/7.0/Packs/atmel/ATmega_DFP/1.7.374/gcc/dev/atmega328p/avr5\libatmega328p.a
END GROUP
                0x00000000                __TEXT_REGION_ORIGIN__ = DEFINED (__TEXT_REGION_ORIGIN__)?__TEXT_REGION_ORIGIN__:0x0
                [0x00800100]                __DATA_REGION_ORIGIN__ = DEFINED (__DATA_REGION_ORIGIN__)?__DATA_REGION_ORIGIN__:0x800060
                [0x00008000]                __TEXT_REGION_LENGTH__ = DEFINED (__TEXT_REGION_LENGTH__)?__TEXT_REGION_LENGTH__:0x20000
                [0x00000800]                __DATA_REGION_LENGTH__ = DEFINED (__DATA_REGION_LENGTH__)?__DATA_REGION_LENGTH__:0xffa0
                [0x00000400]                __EEPROM_REGION_LENGTH__ = DEFINED (__EEPROM_REGION_LENGTH__)?__EEPROM_REGION_LENGTH__:0x10000
                [0x00000003]                __FUSE_REGION_LENGTH__ = DEFINED (__FUSE_REGION_LENGTH__)?__FUSE_REGION_LENGTH__:0x400
                0x00000400                __LOCK_REGION_LENGTH__ = DEFINED (__LOCK_REGION_LENGTH__)?__LOCK_REGION_LENGTH__:0x400
                0x00000400                __SIGNATURE_REGION_LENGTH__ = DEFINED (__SIGNATURE_REGION_LENGTH__)?__SIGNATURE_REGION_LENGTH__:0x400
                0x00000400                __USER_SIGNATURE_REGION_LENGTH__ = DEFINED (__USER_SIGNATURE_REGION_LENGTH__)?__USER_SIGNATURE_REGION_LENGTH__:0x400

.hash
 *(.hash)

.dynsym
 *(.dynsym)

.dynstr
 *(.dynstr)

.gnu.version
 *(.gnu.version)

.gnu.version_d
 *(.gnu.version_d)

.gnu.version_r
 *(.gnu.version_r)

.rel.init
 *(.rel.init)

.rela.init
 *(.rela.init)

.rel.text
 *(.rel.text)
 *(.rel.text.*)
 *(.rel.gnu.linkonce.t*)

.rela.text
 *(.rela.text)
 *(.rela.text.*)
 *(.rela.gnu.linkonce.t*)

.rel.fini
 *(.rel.fini)

.rela.fini
 *(.rela.fini)

.rel.rodata
 *(.rel.rodata)
 *(.rel.rodata.*)
 *(.rel.gnu.linkonce.r*)

.rela.rodata
 *(.rela.rodata)
 *(.rela.rodata.*)
 *(.rela.gnu.linkonce.r*)

.rel.data
 *(.rel.data)
 *(.rel.data.*)
 *(.rel.gnu.linkonce.d*)

.rela.data
 *(.rela.data)
 *(.rela.data.*)
 *(.rela.gnu.linkonce.d*)

.rel.ctors
 *(.rel.ctors)

.rela.ctors
 *(.rela.ctors)

.rel.dtors
 *(.rel.dtors)

.rela.dtors
 *(.rela.dtors)

.rel.got
 *(.rel.got)

.rela.got
 *(.rela.got)

.rel.bss
 *(.rel.bss)

.rela.bss
 *(.rela.bss)

.rel.plt
 *(.rel.plt)

.rela.plt
 *(.rela.plt)

.text           0x00000000      0x83a
 *(.vectors)
 .vectors       0x00000000       0x68 C:/Program Files (x86)/Atmel/Studio/7.0/Packs/atmel/ATmega_DFP/1.7.374/gcc/dev/atmega328p/avr5/crtatmega328p.o
                0x00000000                __vector_default
                0x00000000                __vectors
 *(.vectors)
 *(.progmem.gcc*)
                0x00000068                . = ALIGN (0x2)
                0x00000068                __trampolines_start = .
 *(.trampolines)
 .trampolines   0x00000068        0x0 linker stubs
 *(.trampolines*)
                0x00000068                __trampolines_end = .
 *libprintf_flt.a:*(.progmem.data)
 *libc.a:*(.progmem.data)
 *(.progmem*)
                0x00000068                . = ALIGN (0x2)
 *(.jumptables)
 *(.jumptables*)
 *(.lowtext)
 *(.lowtext*)
                0x00000068                __ctors_start = .
 *(.ctors)
                0x00000068                __ctors_end = .
                0x00000068                __dtors_start = .
 *(.dtors)
                0x00000068                __dtors_end = .
 SORT(*)(.ctors)
 SORT(*)(.dtors)
 *(.init0)
 .init0         0x00000068        0x0 C:/Program Files (x86)/Atmel/Studio/7.0/Packs/atmel/ATmega_DFP/1.7.374/gcc/dev/atmega328p/avr5/crtatmega328p.o
                0x00000068                __init
 *(.init0)
 *(.init1)
 *(.init1)
 *(.init2)
 .init2         0x00000068        0xc C:/Program Files (x86)/Atmel/Studio/7.0/Packs/atmel/ATmega_DFP/1.7.374/gcc/dev/atmega328p/avr5/crtatmega328p.o
 *(.init2)
 *(.init3)
 *(.init3)
 *(.init4)
 .init4         0x00000074       0x16 c:/program files (x86)/atmel/studio/7.0/toolchain/avr8/avr8-gnu-toolchain/bin/../lib/gcc/avr/5.4.0/avr5\libgcc.a(_copy_data.o)
                0x00000074                __do_copy_data
 .init4         0x0000008a       0x10 c:/program files (x86)/atmel/studio/7.0/toolchain/avr8/avr8-gnu-toolchain/bin/../lib/gcc/avr/5.4.0/avr5\libgcc.a(_clear_bss.o)
                0x0000008a                __do_clear_bss
 *(.init4)
 *(.init5)
 *(.init5)
 *(.init6)
 *(.init6)
 *(.init7)
 *(.init7)
 *(.init8)
 *(.init8)
 *(.init9)
 .init9         0x0000009a        0x8 C:/Program Files (x86)/Atmel/Studio/7.0/Packs/atmel/ATmega_DFP/1.7.374/gcc/dev/atmega328p/avr5/crtatmega328p.o
 *(.init9)
 *(.text)
 .text          0x000000a2        0x4 C:/Program Files (x86)/Atmel/Studio/7.0/Packs/atmel/ATmega_DFP/1.7.374/gcc/dev/atmega328p/avr5/crtatmega328p.o
                0x000000a2                __vector_22
                0x000000a2                __vector_1
                0x000000a2                __vector_24
                0x000000a2                __vector_12
                0x000000a2                __bad_interrupt
                0x000000a2                __vector_6
                0x000000a2                __vector_3
                0x000000a2                __vector_23
                0x000000a2                __vector_25
                0x000000a2                __vector_11
                0x000000a2                __vector_13
                0x000000a2                __vector_17
                0x000000a2                __vector_19
                0x000000a2                __vector_7
                0x000000a2                __vector_5
                0x000000a2                __vector_4
                0x000000a2                __vector_9
                0x000000a2                __vector_2
                0x000000a2                __vector_15
                0x000000a2                __vector_8
                0x000000a2                __vector_14
                0x000000a2                __vector_10
                0x000000a2                __vector_16
                0x000000a2                __vector_20
                0x000000a6                . = ALIGN (0x2)
 *(.text.*)
 .text.EEPROM_write
                0x000000a6       0x18 Libreria_EEPROM/Libreria_EEPROM.o
                0x000000a6                EEPROM_write
 .text.EEPROM_read
                0x000000be       0x12 Libreria_EEPROM/Libreria_EEPROM.o
                0x000000be                EEPROM_read
 .text.setup_adc
                0x000000d0       0x32 Libreria_ADC/LibreriaADC.o
                0x000000d0                setup_adc
 .text.adc_set_channel
                0x00000102       0x10 Libreria_ADC/LibreriaADC.o
                0x00000102                adc_set_channel
 .text.init_HBridgePins
                0x00000112        0xe Libreria_HBridge/Libreria_HBridge.o
                0x00000112                init_HBridgePins
 .text.motorA_forward
                0x00000120        0xe Libreria_HBridge/Libreria_HBridge.o
                0x00000120                motorA_forward
 .text.motorA_backward
                0x0000012e        0xe Libreria_HBridge/Libreria_HBridge.o
                0x0000012e                motorA_backward
 .text.motorB_forward
                0x0000013c        0xe Libreria_HBridge/Libreria_HBridge.o
                0x0000013c                motorB_forward
 .text.motorB_backward
                0x0000014a        0xe Libreria_HBridge/Libreria_HBridge.o
                0x0000014a                motorB_backward
 .text.init_timer0
                0x00000158       0x1a Libreria_Timer0PWM/Libreria_Timer0PWM.o
                0x00000158                init_timer0
 .text.TIMER0_PWMA_set_PW
                0x00000172        0x6 Libreria_Timer0PWM/Libreria_Timer0PWM.o
                0x00000172                TIMER0_PWMA_set_PW
 .text.TIMER0_PWMB_set_PW
                0x00000178        0x6 Libreria_Timer0PWM/Libreria_Timer0PWM.o
                0x00000178                TIMER0_PWMB_set_PW
 .text.init_timer1
                0x0000017e       0x28 Libreria_Timer1PWM/LibreriaTimer1PWM.o
                0x0000017e                init_timer1
 .text.TIMER1_PWMA_set_servo_PW
                0x000001a6       0x3a Libreria_Timer1PWM/LibreriaTimer1PWM.o
                0x000001a6                TIMER1_PWMA_set_servo_PW
 .text.TIMER1_PWMB_set_servo_PW
                0x000001e0       0x3a Libreria_Timer1PWM/LibreriaTimer1PWM.o
                0x000001e0                TIMER1_PWMB_set_servo_PW
 .text.UART_init
                0x0000021a       0x26 Libreria_UART/Libreria_UART.o
                0x0000021a                UART_init
 .text.UART_sendChar
                0x00000240        0xe Libreria_UART/Libreria_UART.o
                0x00000240                UART_sendChar
 .text.UART_sendString
                0x0000024e       0x1a Libreria_UART/Libreria_UART.o
                0x0000024e                UART_sendString
 .text.setup    0x00000268       0x1a main.o
                0x00000268                setup
 .text.process_instruction_uart
                0x00000282      0x2ac main.o
                0x00000282                process_instruction_uart
 .text.show_instruction_ASCII
                0x0000052e       0xa0 main.o
                0x0000052e                show_instruction_ASCII
 .text.normalize_input
                0x000005ce        0x4 main.o
                0x000005ce                normalize_input
 .text.move_differential
                0x000005d2       0x78 main.o
                0x000005d2                move_differential
 .text.manual_mode_movement
                0x0000064a       0x36 main.o
                0x0000064a                manual_mode_movement
 .text.main     0x00000680       0x74 main.o
                0x00000680                main
 .text.__vector_21
                0x000006f4       0xba main.o
                0x000006f4                __vector_21
 .text.__vector_18
                0x000007ae       0x6a main.o
                0x000007ae                __vector_18
 .text.libgcc.mul
                0x00000818       0x1e c:/program files (x86)/atmel/studio/7.0/toolchain/avr8/avr8-gnu-toolchain/bin/../lib/gcc/avr/5.4.0/avr5\libgcc.a(_umulhisi3.o)
                0x00000818                __umulhisi3
                0x00000836                . = ALIGN (0x2)
 *(.fini9)
 .fini9         0x00000836        0x0 c:/program files (x86)/atmel/studio/7.0/toolchain/avr8/avr8-gnu-toolchain/bin/../lib/gcc/avr/5.4.0/avr5\libgcc.a(_exit.o)
                0x00000836                _exit
                0x00000836                exit
 *(.fini9)
 *(.fini8)
 *(.fini8)
 *(.fini7)
 *(.fini7)
 *(.fini6)
 *(.fini6)
 *(.fini5)
 *(.fini5)
 *(.fini4)
 *(.fini4)
 *(.fini3)
 *(.fini3)
 *(.fini2)
 *(.fini2)
 *(.fini1)
 *(.fini1)
 *(.fini0)
 .fini0         0x00000836        0x4 c:/program files (x86)/atmel/studio/7.0/toolchain/avr8/avr8-gnu-toolchain/bin/../lib/gcc/avr/5.4.0/avr5\libgcc.a(_exit.o)
 *(.fini0)
                0x0000083a                _etext = .

.data           0x00800100      0x442 load address 0x0000083a
                0x00800100                PROVIDE (__data_start, .)
 *(.data)
 *(.data*)
 *(.gnu.linkonce.d*)
 *(.rodata)
 *(.rodata*)
 .rodata.str1.1
                0x00800100      0x421 main.o
                                0x42a (size before relaxing)
 .rodata.nombres_instrucciones
                0x00800521       0x10 main.o
                0x00800521                nombres_instrucciones
 .rodata.instrucciones
                0x00800531       0x10 main.o
                0x00800531                instrucciones
 *(.gnu.linkonce.r*)
                0x00800542                . = ALIGN (0x2)
 *fill*         0x00800541        0x1 
                0x00800542                _edata = .
                0x00800542                PROVIDE (__data_end, .)

.bss            0x00800542        0xb
                0x00800542                PROVIDE (__bss_start, .)
 *(.bss)
 *(.bss*)
 .bss.frame_ready
                0x00800542        0x1 main.o
                0x00800542                frame_ready
 .bss.reception_index
                0x00800543        0x1 main.o
                0x00800543                reception_index
 .bss.manual_mode_enabled
                0x00800544        0x1 main.o
                0x00800544                manual_mode_enabled
 .bss.adc_value_chan3
                0x00800545        0x1 main.o
                0x00800545                adc_value_chan3
 .bss.adc_value_chan2
                0x00800546        0x1 main.o
                0x00800546                adc_value_chan2
 .bss.adc_value_chan1
                0x00800547        0x1 main.o
                0x00800547                adc_value_chan1
 .bss.adc_value_chan0
                0x00800548        0x1 main.o
                0x00800548                adc_value_chan0
 .bss.current_channel
                0x00800549        0x1 main.o
                0x00800549                current_channel
 *(COMMON)
 COMMON         0x0080054a        0x3 main.o
                0x0080054a                received_data
                0x0080054d                PROVIDE (__bss_end, .)
                0x0000083a                __data_load_start = LOADADDR (.data)
                0x00000c7c                __data_load_end = (__data_load_start + SIZEOF (.data))

.noinit         0x0080054d        0x0
                [!provide]                PROVIDE (__noinit_start, .)
 *(.noinit*)
                [!provide]                PROVIDE (__noinit_end, .)
                0x0080054d                _end = .
                [!provide]                PROVIDE (__heap_start, .)

.eeprom         0x00810000        0x0
 *(.eeprom*)
                0x00810000                __eeprom_end = .

.fuse
 *(.fuse)
 *(.lfuse)
 *(.hfuse)
 *(.efuse)

.lock
 *(.lock*)

.signature
 *(.signature*)

.user_signatures
 *(.user_signatures*)

.stab
 *(.stab)

.stabstr
 *(.stabstr)

.stab.excl
 *(.stab.excl)

.stab.exclstr
 *(.stab.exclstr)

.stab.index
 *(.stab.index)

.stab.indexstr
 *(.stab.indexstr)

.comment        0x00000000       0x30
 *(.comment)
 .comment       0x00000000       0x30 Libreria_EEPROM/Libreria_EEPROM.o
                                 0x31 (size before relaxing)
 .comment       0x00000030       0x31 Libreria_ADC/LibreriaADC.o
 .comment       0x00000030       0x31 Libreria_HBridge/Libreria_HBridge.o
 .comment       0x00000030       0x31 Libreria_Timer0PWM/Libreria_Timer0PWM.o
 .comment       0x00000030       0x31 Libreria_Timer1PWM/LibreriaTimer1PWM.o
 .comment       0x00000030       0x31 Libreria_UART/Libreria_UART.o
 .comment       0x00000030       0x31 main.o

.note.gnu.avr.deviceinfo
                0x00000000       0x40
 .note.gnu.avr.deviceinfo
                0x00000000       0x40 C:/Program Files (x86)/Atmel/Studio/7.0/Packs/atmel/ATmega_DFP/1.7.374/gcc/dev/atmega328p/avr5/crtatmega328p.o

.note.gnu.build-id
 *(.note.gnu.build-id)

.debug
 *(.debug)

.line
 *(.line)

.debug_srcinfo
 *(.debug_srcinfo)

.debug_sfnames
 *(.debug_sfnames)

.debug_aranges  0x00000000      0x190
 *(.debug_aranges)
 .debug_aranges
                0x00000000       0x28 Libreria_EEPROM/Libreria_EEPROM.o
 .debug_aranges
                0x00000028       0x28 Libreria_ADC/LibreriaADC.o
 .debug_aranges
                0x00000050       0x50 Libreria_HBridge/Libreria_HBridge.o
 .debug_aranges
                0x000000a0       0x30 Libreria_Timer0PWM/Libreria_Timer0PWM.o
 .debug_aranges
                0x000000d0       0x30 Libreria_Timer1PWM/LibreriaTimer1PWM.o
 .debug_aranges
                0x00000100       0x30 Libreria_UART/Libreria_UART.o
 .debug_aranges
                0x00000130       0x60 main.o

.debug_pubnames
 *(.debug_pubnames)

.debug_info     0x00000000     0x196e
 *(.debug_info .gnu.linkonce.wi.*)
 .debug_info    0x00000000      0x5f4 C:/Program Files (x86)/Atmel/Studio/7.0/Packs/atmel/ATmega_DFP/1.7.374/gcc/dev/atmega328p/avr5/crtatmega328p.o
 .debug_info    0x000005f4       0xd9 Libreria_EEPROM/Libreria_EEPROM.o
 .debug_info    0x000006cd       0xa9 Libreria_ADC/LibreriaADC.o
 .debug_info    0x00000776      0x125 Libreria_HBridge/Libreria_HBridge.o
 .debug_info    0x0000089b       0xd3 Libreria_Timer0PWM/Libreria_Timer0PWM.o
 .debug_info    0x0000096e      0x10d Libreria_Timer1PWM/LibreriaTimer1PWM.o
 .debug_info    0x00000a7b       0xf9 Libreria_UART/Libreria_UART.o
 .debug_info    0x00000b74      0xdfa main.o

.debug_abbrev   0x00000000      0xaa1
 *(.debug_abbrev)
 .debug_abbrev  0x00000000      0x5a2 C:/Program Files (x86)/Atmel/Studio/7.0/Packs/atmel/ATmega_DFP/1.7.374/gcc/dev/atmega328p/avr5/crtatmega328p.o
 .debug_abbrev  0x000005a2       0x8b Libreria_EEPROM/Libreria_EEPROM.o
 .debug_abbrev  0x0000062d       0x78 Libreria_ADC/LibreriaADC.o
 .debug_abbrev  0x000006a5       0x69 Libreria_HBridge/Libreria_HBridge.o
 .debug_abbrev  0x0000070e       0x92 Libreria_Timer0PWM/Libreria_Timer0PWM.o
 .debug_abbrev  0x000007a0       0xa1 Libreria_Timer1PWM/LibreriaTimer1PWM.o
 .debug_abbrev  0x00000841       0xbe Libreria_UART/Libreria_UART.o
 .debug_abbrev  0x000008ff      0x1a2 main.o

.debug_line     0x00000000      0xeac
 *(.debug_line .debug_line.* .debug_line_end)
 .debug_line    0x00000000      0x134 C:/Program Files (x86)/Atmel/Studio/7.0/Packs/atmel/ATmega_DFP/1.7.374/gcc/dev/atmega328p/avr5/crtatmega328p.o
 .debug_line    0x00000134      0x108 Libreria_EEPROM/Libreria_EEPROM.o
 .debug_line    0x0000023c       0xe7 Libreria_ADC/LibreriaADC.o
 .debug_line    0x00000323      0x15e Libreria_HBridge/Libreria_HBridge.o
 .debug_line    0x00000481       0xfe Libreria_Timer0PWM/Libreria_Timer0PWM.o
 .debug_line    0x0000057f      0x12d Libreria_Timer1PWM/LibreriaTimer1PWM.o
 .debug_line    0x000006ac      0x116 Libreria_UART/Libreria_UART.o
 .debug_line    0x000007c2      0x6ea main.o

.debug_frame    0x00000000      0x318
 *(.debug_frame)
 .debug_frame   0x00000000       0x34 Libreria_EEPROM/Libreria_EEPROM.o
 .debug_frame   0x00000034       0x34 Libreria_ADC/LibreriaADC.o
 .debug_frame   0x00000068       0x84 Libreria_HBridge/Libreria_HBridge.o
 .debug_frame   0x000000ec       0x44 Libreria_Timer0PWM/Libreria_Timer0PWM.o
 .debug_frame   0x00000130       0x44 Libreria_Timer1PWM/LibreriaTimer1PWM.o
 .debug_frame   0x00000174       0x50 Libreria_UART/Libreria_UART.o
 .debug_frame   0x000001c4      0x154 main.o

.debug_str      0x00000000      0x781
 *(.debug_str)
 .debug_str     0x00000000      0x208 C:/Program Files (x86)/Atmel/Studio/7.0/Packs/atmel/ATmega_DFP/1.7.374/gcc/dev/atmega328p/avr5/crtatmega328p.o
 .debug_str     0x00000208      0x1d1 Libreria_EEPROM/Libreria_EEPROM.o
                                0x205 (size before relaxing)
 .debug_str     0x000003d9       0x38 Libreria_ADC/LibreriaADC.o
                                0x1ed (size before relaxing)
 .debug_str     0x00000411       0x97 Libreria_HBridge/Libreria_HBridge.o
                                0x249 (size before relaxing)
 .debug_str     0x000004a8       0x63 Libreria_Timer0PWM/Libreria_Timer0PWM.o
                                0x210 (size before relaxing)
 .debug_str     0x0000050b       0x77 Libreria_Timer1PWM/LibreriaTimer1PWM.o
                                0x233 (size before relaxing)
 .debug_str     0x00000582       0x49 Libreria_UART/Libreria_UART.o
                                0x204 (size before relaxing)
 .debug_str     0x000005cb      0x1b6 main.o
                                0x4ad (size before relaxing)

.debug_loc      0x00000000      0x6f8
 *(.debug_loc)
 .debug_loc     0x00000000       0x58 Libreria_EEPROM/Libreria_EEPROM.o
 .debug_loc     0x00000058       0x21 Libreria_ADC/LibreriaADC.o
 .debug_loc     0x00000079       0x42 Libreria_Timer0PWM/Libreria_Timer0PWM.o
 .debug_loc     0x000000bb       0x3c Libreria_Timer1PWM/LibreriaTimer1PWM.o
 .debug_loc     0x000000f7       0x57 Libreria_UART/Libreria_UART.o
 .debug_loc     0x0000014e      0x5aa main.o

.debug_macinfo
 *(.debug_macinfo)

.debug_weaknames
 *(.debug_weaknames)

.debug_funcnames
 *(.debug_funcnames)

.debug_typenames
 *(.debug_typenames)

.debug_varnames
 *(.debug_varnames)

.debug_pubtypes
 *(.debug_pubtypes)

.debug_ranges   0x00000000      0x120
 *(.debug_ranges)
 .debug_ranges  0x00000000       0x18 Libreria_EEPROM/Libreria_EEPROM.o
 .debug_ranges  0x00000018       0x18 Libreria_ADC/LibreriaADC.o
 .debug_ranges  0x00000030       0x40 Libreria_HBridge/Libreria_HBridge.o
 .debug_ranges  0x00000070       0x20 Libreria_Timer0PWM/Libreria_Timer0PWM.o
 .debug_ranges  0x00000090       0x20 Libreria_Timer1PWM/LibreriaTimer1PWM.o
 .debug_ranges  0x000000b0       0x20 Libreria_UART/Libreria_UART.o
 .debug_ranges  0x000000d0       0x50 main.o

.debug_macro
 *(.debug_macro)
OUTPUT(Proyecto2_VersionSimp.elf elf32-avr)
LOAD linker stubs
